[System]
Device 0: NVIDIA GeForce RTX 4090
enable_tf32: 0
[State]
batch_size: 4
seq_len: 64
allocated 221 MiB for activations
-43.431618, -43.431633
-39.836346, -39.836357
-43.065910, -43.065926
-42.828045, -42.828056
-43.529541, -43.529564
-44.318398, -44.318409
-41.227425, -41.227428
-41.270760, -41.270779
-42.541393, -42.541420
-42.394997, -42.395012
OK (LOGITS)
allocated 474 MiB for parameter gradients
allocated 4 MiB for activation gradients
LOSS OK: 5.270009 5.270009
grads
OK -0.002320 -0.002320
OK 0.002072 0.002072
OK 0.003717 0.003717
OK 0.001307 0.001307
OK 0.000632 0.000632
TENSOR OK
allocated 474 MiB for AdamW optimizer state m
allocated 474 MiB for AdamW optimizer state v
step 0: loss 5.270009 (took 13.184666 ms)
step 1: loss 4.059691 (took 15.305466 ms)
step 2: loss 3.375091 (took 19.280429 ms)
step 3: loss 2.800728 (took 19.407544 ms)
step 4: loss 2.315350 (took 19.303970 ms)
step 5: loss 1.848991 (took 19.296370 ms)
step 6: loss 1.394610 (took 19.319610 ms)
step 7: loss 0.999078 (took 19.360041 ms)
step 8: loss 0.624073 (took 19.293780 ms)
step 9: loss 0.376513 (took 19.254169 ms)
loss ok at step 0: 5.270009 5.270007
loss ok at step 1: 4.059691 4.059707
loss ok at step 2: 3.375091 3.375123
loss ok at step 3: 2.800728 2.800783
loss ok at step 4: 2.315350 2.315382
loss ok at step 5: 1.848991 1.849029
loss ok at step 6: 1.394610 1.394656
loss ok at step 7: 0.999078 0.999147
loss ok at step 8: 0.624073 0.624080
loss ok at step 9: 0.376513 0.376511
overall okay: 1
