+-----------------------+----------------------------------------------------+
| Parameter             | Value                                              |
+-----------------------+----------------------------------------------------+
| train data pattern    | dev/data/tinyshakespeare/tiny_shakespeare_train.bin |
| val data pattern      | dev/data/tinyshakespeare/tiny_shakespeare_val.bin  |
| output log file       | NULL                                               |
| batch size B          | 4                                                  |
| sequence length T     | 1024                                               |
| learning rate         | 0.000300                                           |
| val_loss_every        | 20                                                 |
| val_max_steps         | 20                                                 |
| sample_every          | 20                                                 |
| genT                  | 64                                                 |
+-----------------------+----------------------------------------------------+
| device                | NVIDIA GeForce RTX 4090                            |
| TF32                  | enabled                                            |
+-----------------------+----------------------------------------------------+
| max_sequence_length T | 1024                                               |
| vocab_size V          | 50257                                              |
| padded_vocab_size Vp  | 50304                                              |
| num_layers L          | 12                                                 |
| num_heads NH          | 12                                                 |
| channels C            | 768                                                |
| num_parameters        | 124475904                                          |
+-----------------------+----------------------------------------------------+
| train_num_batches     | 74                                                 |
| val_num_batches       | 8                                                  |
+-----------------------+----------------------------------------------------+
allocated 474 MiB for model parameters
allocated 5706 MiB for activations
val loss 4.513806
allocated 474 MiB for parameter gradients
allocated 252 MiB for activation gradients
allocated 474 MiB for AdamW optimizer state m
allocated 474 MiB for AdamW optimizer state v
step    1/74: train loss 4.287300 (85.999419 ms, 47628 tok/s)
step    2/74: train loss 4.721559 (84.188519 ms, 48652 tok/s)
step    3/74: train loss 4.390267 (84.138008 ms, 48681 tok/s)
step    4/74: train loss 3.627810 (84.165059 ms, 48666 tok/s)
step    5/74: train loss 3.717332 (84.123637 ms, 48690 tok/s)
step    6/74: train loss 4.013844 (84.223561 ms, 48632 tok/s)
step    7/74: train loss 4.110842 (84.138758 ms, 48681 tok/s)
step    8/74: train loss 3.623396 (84.185389 ms, 48654 tok/s)
step    9/74: train loss 3.965457 (84.148298 ms, 48675 tok/s)
step   10/74: train loss 3.581392 (84.262523 ms, 48609 tok/s)
step   11/74: train loss 4.028750 (84.136697 ms, 48682 tok/s)
step   12/74: train loss 3.813148 (84.136778 ms, 48682 tok/s)
step   13/74: train loss 4.029188 (84.142548 ms, 48679 tok/s)
step   14/74: train loss 3.884988 (84.149098 ms, 48675 tok/s)
step   15/74: train loss 3.711843 (84.228031 ms, 48629 tok/s)
step   16/74: train loss 3.553157 (84.141087 ms, 48680 tok/s)
step   17/74: train loss 3.987627 (84.188599 ms, 48652 tok/s)
step   18/74: train loss 3.808968 (84.238371 ms, 48623 tok/s)
step   19/74: train loss 3.534360 (84.143037 ms, 48679 tok/s)
step   20/74: train loss 3.677742 (84.129736 ms, 48686 tok/s)
val loss 3.725759
generating:
---
O, but suddenly your sense of blood is born.
At my infirmity with his furious father, there's a heavy metal rod: a new stout, a tree-boughing irascible
darker than you two
an hour old, sped like odd snow, and wreck'd thirty times
---
step   21/74: train loss 3.608987 (84.155597 ms, 48671 tok/s)
step   22/74: train loss 3.611769 (84.149527 ms, 48675 tok/s)
step   23/74: train loss 3.147240 (84.114075 ms, 48695 tok/s)
step   24/74: train loss 3.344202 (84.131156 ms, 48685 tok/s)
step   25/74: train loss 3.707108 (84.136466 ms, 48682 tok/s)
step   26/74: train loss 3.539927 (84.119336 ms, 48692 tok/s)
step   27/74: train loss 3.843695 (84.240900 ms, 48622 tok/s)
step   28/74: train loss 3.445689 (84.116554 ms, 48694 tok/s)
step   29/74: train loss 3.317837 (84.130825 ms, 48686 tok/s)
step   30/74: train loss 3.279854 (84.112995 ms, 48696 tok/s)
step   31/74: train loss 3.154602 (84.118655 ms, 48693 tok/s)
step   32/74: train loss 3.444994 (84.231969 ms, 48627 tok/s)
step   33/74: train loss 3.566299 (84.139276 ms, 48681 tok/s)
step   34/74: train loss 3.485958 (84.156957 ms, 48670 tok/s)
step   35/74: train loss 3.721750 (84.138236 ms, 48681 tok/s)
step   36/74: train loss 3.380061 (84.133675 ms, 48684 tok/s)
step   37/74: train loss 3.199939 (84.148417 ms, 48675 tok/s)
step   38/74: train loss 3.180351 (84.262740 ms, 48609 tok/s)
step   39/74: train loss 3.601186 (84.142876 ms, 48679 tok/s)
step   40/74: train loss 3.083418 (84.230749 ms, 48628 tok/s)
val loss 3.595239
generating:
---
West Sabha advance,
Which: sends?

<|endoftext|>Malware?
Blozome's with head and cheek.

<|endoftext|>Jupiter:
I would not have borne on your behalf from philosophy
For seeming misjudgment.
The safer your way, the more danger
The nearer his have been to
---
step   41/74: train loss 3.829745 (84.132384 ms, 48685 tok/s)
step   42/74: train loss 3.363178 (84.122614 ms, 48690 tok/s)
step   43/74: train loss 3.355253 (84.121263 ms, 48691 tok/s)
step   44/74: train loss 3.419637 (84.135194 ms, 48683 tok/s)
step   45/74: train loss 3.609188 (84.224507 ms, 48631 tok/s)
step   46/74: train loss 3.129902 (84.212647 ms, 48638 tok/s)
step   47/74: train loss 3.464521 (84.148016 ms, 48676 tok/s)
step   48/74: train loss 3.975293 (84.138474 ms, 48681 tok/s)
step   49/74: train loss 3.224825 (84.199497 ms, 48646 tok/s)
step   50/74: train loss 3.418168 (84.279399 ms, 48600 tok/s)
step   51/74: train loss 3.761371 (84.143565 ms, 48678 tok/s)
step   52/74: train loss 3.769038 (84.126003 ms, 48688 tok/s)
step   53/74: train loss 3.411828 (84.218647 ms, 48635 tok/s)
step   54/74: train loss 3.389043 (84.135934 ms, 48683 tok/s)
step   55/74: train loss 3.275184 (84.157544 ms, 48670 tok/s)
step   56/74: train loss 3.261385 (84.143444 ms, 48678 tok/s)
step   57/74: train loss 3.028320 (84.203856 ms, 48643 tok/s)
step   58/74: train loss 3.478942 (84.141564 ms, 48679 tok/s)
step   59/74: train loss 3.271396 (84.209927 ms, 48640 tok/s)
step   60/74: train loss 3.496675 (84.178585 ms, 48658 tok/s)
val loss 3.506912
generating:
---

Ladies and gentlemen,
I with these loved ones, am ignorant of
restrances in my country, nor have a
pious deceit.

<|endoftext|>KING RICHARD II:

<|endoftext|>Sir Thomas:

<|endoftext|>This is a vitally
complicit bond.

<|endoftext|>KING RICHARD
---
step   61/74: train loss 3.211762 (84.127782 ms, 48687 tok/s)
step   62/74: train loss 3.451150 (84.211466 ms, 48639 tok/s)
step   63/74: train loss 3.372242 (84.215296 ms, 48637 tok/s)
step   64/74: train loss 3.409263 (84.155874 ms, 48671 tok/s)
step   65/74: train loss 3.578683 (84.318989 ms, 48577 tok/s)
step   66/74: train loss 3.030302 (84.264737 ms, 48608 tok/s)
step   67/74: train loss 3.296137 (84.152093 ms, 48673 tok/s)
step   68/74: train loss 3.676863 (84.168793 ms, 48664 tok/s)
step   69/74: train loss 3.297604 (84.148132 ms, 48676 tok/s)
step   70/74: train loss 3.647574 (84.147773 ms, 48676 tok/s)
step   71/74: train loss 3.567271 (84.116531 ms, 48694 tok/s)
step   72/74: train loss 3.731983 (84.141363 ms, 48679 tok/s)
step   73/74: train loss 3.824595 (84.337259 ms, 48566 tok/s)
step   74/74: train loss 3.381277 (84.121141 ms, 48691 tok/s)
val loss 3.491315
generating:
---
BUCKINGHAM:
He is first the youngest husband in the world
Till his failure to get a maid's husband,
He comes to play as most fatal as any.

<|endoftext|>WARWICK:<|endoftext|>Clown:<|endoftext|>And then he comes
About with a dagger, his wife to visit
---
total average iteration time: 84.193492 ms
