+-----------------------+----------------------------------------------------+
| Parameter             | Value                                              |
+-----------------------+----------------------------------------------------+
| train data pattern    | dev/data/tinyshakespeare/tiny_shakespeare_train.bin |
| val data pattern      | dev/data/tinyshakespeare/tiny_shakespeare_val.bin  |
| output log file       | NULL                                               |
| batch size B          | 4                                                  |
| sequence length T     | 1024                                               |
| learning rate         | 0.000300                                           |
| val_loss_every        | 1000                                               |
| val_max_steps         | 20                                                 |
| sample_every          | 1000                                               |
| genT                  | 1                                                  |
+-----------------------+----------------------------------------------------+
| device                | NVIDIA GeForce RTX 4090                            |
| TF32                  | disabled                                           |
+-----------------------+----------------------------------------------------+
| max_sequence_length T | 1024                                               |
| vocab_size V          | 50257                                              |
| padded_vocab_size Vp  | 50304                                              |
| num_layers L          | 12                                                 |
| num_heads NH          | 12                                                 |
| channels C            | 768                                                |
| num_parameters        | 124475904                                          |
+-----------------------+----------------------------------------------------+
| train_num_batches     | 74                                                 |
| val_num_batches       | 8                                                  |
+-----------------------+----------------------------------------------------+
allocated 474 MiB for model parameters
allocated 5706 MiB for activations
val loss 4.513921
allocated 474 MiB for parameter gradients
allocated 252 MiB for activation gradients
allocated 474 MiB for AdamW optimizer state m
allocated 474 MiB for AdamW optimizer state v
step    1/74: train loss 4.287300 (107.346833 ms, 38156 tok/s)
step    2/74: train loss 4.724314 (105.541026 ms, 38809 tok/s)
step    3/74: train loss 4.394224 (105.652019 ms, 38768 tok/s)
step    4/74: train loss 3.628701 (105.697851 ms, 38751 tok/s)
step    5/74: train loss 3.717307 (105.391883 ms, 38864 tok/s)
step    6/74: train loss 4.013441 (105.553727 ms, 38804 tok/s)
step    7/74: train loss 4.112152 (105.820786 ms, 38706 tok/s)
step    8/74: train loss 3.623942 (105.495035 ms, 38826 tok/s)
step    9/74: train loss 3.966141 (105.577728 ms, 38796 tok/s)
step   10/74: train loss 3.581970 (105.605409 ms, 38785 tok/s)
step   11/74: train loss 4.030167 (105.598989 ms, 38788 tok/s)
step   12/74: train loss 3.814691 (105.484346 ms, 38830 tok/s)
step   13/74: train loss 4.030598 (105.827285 ms, 38704 tok/s)
step   14/74: train loss 3.886221 (105.623509 ms, 38779 tok/s)
step   15/74: train loss 3.711941 (105.450775 ms, 38842 tok/s)
step   16/74: train loss 3.554085 (105.748182 ms, 38733 tok/s)
step   17/74: train loss 3.989763 (105.723553 ms, 38742 tok/s)
step   18/74: train loss 3.810776 (105.581249 ms, 38794 tok/s)
step   19/74: train loss 3.535085 (105.771705 ms, 38724 tok/s)
step   20/74: train loss 3.678576 (105.779293 ms, 38722 tok/s)
step   21/74: train loss 3.609571 (105.830815 ms, 38703 tok/s)
step   22/74: train loss 3.610295 (105.560798 ms, 38802 tok/s)
step   23/74: train loss 3.147160 (105.874865 ms, 38687 tok/s)
step   24/74: train loss 3.344843 (105.666360 ms, 38763 tok/s)
step   25/74: train loss 3.708346 (105.498926 ms, 38825 tok/s)
step   26/74: train loss 3.539301 (105.501147 ms, 38824 tok/s)
step   27/74: train loss 3.844393 (105.599790 ms, 38787 tok/s)
step   28/74: train loss 3.446134 (105.612751 ms, 38783 tok/s)
step   29/74: train loss 3.317979 (105.734883 ms, 38738 tok/s)
step   30/74: train loss 3.279690 (105.803005 ms, 38713 tok/s)
step   31/74: train loss 3.154452 (105.778204 ms, 38722 tok/s)
step   32/74: train loss 3.444245 (105.661172 ms, 38765 tok/s)
step   33/74: train loss 3.566226 (105.584309 ms, 38793 tok/s)
step   34/74: train loss 3.486142 (105.500127 ms, 38824 tok/s)
step   35/74: train loss 3.723047 (105.549389 ms, 38806 tok/s)
step   36/74: train loss 3.380622 (105.670373 ms, 38762 tok/s)
step   37/74: train loss 3.199477 (105.638320 ms, 38773 tok/s)
step   38/74: train loss 3.182056 (105.947970 ms, 38660 tok/s)
step   39/74: train loss 3.601273 (105.877929 ms, 38686 tok/s)
step   40/74: train loss 3.082333 (105.809506 ms, 38711 tok/s)
step   41/74: train loss 3.830816 (105.608670 ms, 38784 tok/s)
step   42/74: train loss 3.361984 (105.759285 ms, 38729 tok/s)
step   43/74: train loss 3.355903 (105.695323 ms, 38752 tok/s)
step   44/74: train loss 3.417655 (105.439277 ms, 38847 tok/s)
step   45/74: train loss 3.606854 (105.489898 ms, 38828 tok/s)
step   46/74: train loss 3.128897 (105.888198 ms, 38682 tok/s)
step   47/74: train loss 3.464458 (105.535940 ms, 38811 tok/s)
step   48/74: train loss 3.974667 (105.542219 ms, 38809 tok/s)
step   49/74: train loss 3.224938 (105.627880 ms, 38777 tok/s)
step   50/74: train loss 3.418991 (105.577511 ms, 38796 tok/s)
step   51/74: train loss 3.760482 (105.721934 ms, 38743 tok/s)
step   52/74: train loss 3.771579 (105.396655 ms, 38862 tok/s)
step   53/74: train loss 3.410085 (105.648912 ms, 38769 tok/s)
step   54/74: train loss 3.389557 (105.541771 ms, 38809 tok/s)
step   55/74: train loss 3.272187 (105.783096 ms, 38720 tok/s)
step   56/74: train loss 3.259640 (105.904179 ms, 38676 tok/s)
step   57/74: train loss 3.027227 (105.554481 ms, 38804 tok/s)
step   58/74: train loss 3.479107 (105.368256 ms, 38873 tok/s)
step   59/74: train loss 3.270222 (105.524478 ms, 38815 tok/s)
step   60/74: train loss 3.495049 (105.703215 ms, 38750 tok/s)
step   61/74: train loss 3.213061 (105.720065 ms, 38743 tok/s)
step   62/74: train loss 3.450732 (105.511919 ms, 38820 tok/s)
step   63/74: train loss 3.370250 (105.915551 ms, 38672 tok/s)
step   64/74: train loss 3.407990 (105.649184 ms, 38769 tok/s)
step   65/74: train loss 3.580318 (105.771357 ms, 38725 tok/s)
step   66/74: train loss 3.029556 (105.630762 ms, 38776 tok/s)
step   67/74: train loss 3.296450 (105.737765 ms, 38737 tok/s)
step   68/74: train loss 3.675703 (105.494930 ms, 38826 tok/s)
step   69/74: train loss 3.297093 (105.448048 ms, 38843 tok/s)
step   70/74: train loss 3.646342 (105.669884 ms, 38762 tok/s)
step   71/74: train loss 3.566419 (105.734906 ms, 38738 tok/s)
step   72/74: train loss 3.732518 (105.619303 ms, 38780 tok/s)
step   73/74: train loss 3.825231 (105.715135 ms, 38745 tok/s)
step   74/74: train loss 3.380325 (105.831490 ms, 38703 tok/s)
val loss 3.491220
generating:
---

---
total average iteration time: 105.672072 ms
