+-----------------------+----------------------------------------------------+
| Parameter             | Value                                              |
+-----------------------+----------------------------------------------------+
| train data pattern    | dev/data/tinyshakespeare/tiny_shakespeare_train.bin |
| val data pattern      | dev/data/tinyshakespeare/tiny_shakespeare_val.bin  |
| output log file       | NULL                                               |
| batch size B          | 4                                                  |
| sequence length T     | 1024                                               |
| learning rate         | 0.000300                                           |
| val_loss_every        | 1000                                               |
| val_max_steps         | 20                                                 |
| sample_every          | 1000                                               |
| genT                  | 1                                                  |
+-----------------------+----------------------------------------------------+
| device                | NVIDIA GeForce RTX 4090                            |
| TF32                  | disabled                                           |
+-----------------------+----------------------------------------------------+
| max_sequence_length T | 1024                                               |
| vocab_size V          | 50257                                              |
| padded_vocab_size Vp  | 50304                                              |
| num_layers L          | 12                                                 |
| num_heads NH          | 12                                                 |
| channels C            | 768                                                |
| num_parameters        | 124475904                                          |
+-----------------------+----------------------------------------------------+
| train_num_batches     | 74                                                 |
| val_num_batches       | 8                                                  |
+-----------------------+----------------------------------------------------+
allocated 474 MiB for model parameters
allocated 5706 MiB for activations
val loss 4.513920
allocated 474 MiB for parameter gradients
allocated 252 MiB for activation gradients
allocated 474 MiB for AdamW optimizer state m
allocated 474 MiB for AdamW optimizer state v
step    1/74: train loss 4.287299 (103.716372 ms, 39492 tok/s)
step    2/74: train loss 4.724314 (101.813381 ms, 40230 tok/s)
step    3/74: train loss 4.394227 (101.579859 ms, 40322 tok/s)
step    4/74: train loss 3.628702 (101.843552 ms, 40218 tok/s)
step    5/74: train loss 3.717306 (101.718829 ms, 40267 tok/s)
step    6/74: train loss 4.013441 (102.213422 ms, 40073 tok/s)
step    7/74: train loss 4.112152 (101.869444 ms, 40208 tok/s)
step    8/74: train loss 3.623941 (102.183661 ms, 40084 tok/s)
step    9/74: train loss 3.966142 (102.801067 ms, 39843 tok/s)
step   10/74: train loss 3.581972 (102.181371 ms, 40085 tok/s)
step   11/74: train loss 4.030166 (102.108009 ms, 40114 tok/s)
step   12/74: train loss 3.814690 (102.107609 ms, 40114 tok/s)
step   13/74: train loss 4.030597 (102.024278 ms, 40147 tok/s)
step   14/74: train loss 3.886222 (101.905435 ms, 40194 tok/s)
step   15/74: train loss 3.711942 (102.041408 ms, 40140 tok/s)
step   16/74: train loss 3.554087 (101.962536 ms, 40171 tok/s)
step   17/74: train loss 3.989762 (101.800312 ms, 40235 tok/s)
step   18/74: train loss 3.810777 (102.001607 ms, 40156 tok/s)
step   19/74: train loss 3.535088 (102.655653 ms, 39900 tok/s)
step   20/74: train loss 3.678579 (102.032057 ms, 40144 tok/s)
step   21/74: train loss 3.609571 (102.233593 ms, 40065 tok/s)
step   22/74: train loss 3.610295 (102.055689 ms, 40134 tok/s)
step   23/74: train loss 3.147160 (102.174281 ms, 40088 tok/s)
step   24/74: train loss 3.344844 (101.936035 ms, 40182 tok/s)
step   25/74: train loss 3.708343 (102.390077 ms, 40003 tok/s)
step   26/74: train loss 3.539299 (102.214932 ms, 40072 tok/s)
step   27/74: train loss 3.844394 (102.358747 ms, 40016 tok/s)
step   28/74: train loss 3.446135 (102.552271 ms, 39940 tok/s)
step   29/74: train loss 3.317978 (102.080440 ms, 40125 tok/s)
step   30/74: train loss 3.279688 (102.483749 ms, 39967 tok/s)
step   31/74: train loss 3.154449 (102.275115 ms, 40048 tok/s)
step   32/74: train loss 3.444245 (102.212712 ms, 40073 tok/s)
step   33/74: train loss 3.566227 (102.104341 ms, 40115 tok/s)
step   34/74: train loss 3.486139 (101.853455 ms, 40214 tok/s)
step   35/74: train loss 3.723046 (102.212812 ms, 40073 tok/s)
step   36/74: train loss 3.380619 (102.545342 ms, 39943 tok/s)
step   37/74: train loss 3.199475 (102.311636 ms, 40034 tok/s)
step   38/74: train loss 3.182056 (102.223134 ms, 40069 tok/s)
step   39/74: train loss 3.601274 (102.250543 ms, 40058 tok/s)
step   40/74: train loss 3.082334 (102.218503 ms, 40071 tok/s)
step   41/74: train loss 3.830817 (102.209784 ms, 40074 tok/s)
step   42/74: train loss 3.361984 (102.568752 ms, 39934 tok/s)
step   43/74: train loss 3.355905 (102.004527 ms, 40155 tok/s)
step   44/74: train loss 3.417655 (102.424040 ms, 39990 tok/s)
step   45/74: train loss 3.606852 (102.920411 ms, 39797 tok/s)
step   46/74: train loss 3.128896 (102.140722 ms, 40101 tok/s)
step   47/74: train loss 3.464460 (102.324857 ms, 40029 tok/s)
step   48/74: train loss 3.974665 (102.206004 ms, 40075 tok/s)
step   49/74: train loss 3.224937 (102.268694 ms, 40051 tok/s)
step   50/74: train loss 3.418992 (101.883315 ms, 40202 tok/s)
step   51/74: train loss 3.760481 (101.984347 ms, 40163 tok/s)
step   52/74: train loss 3.771580 (101.951708 ms, 40175 tok/s)
step   53/74: train loss 3.410087 (102.097170 ms, 40118 tok/s)
step   54/74: train loss 3.389556 (102.492702 ms, 39963 tok/s)
step   55/74: train loss 3.272188 (102.258904 ms, 40055 tok/s)
step   56/74: train loss 3.259640 (102.235424 ms, 40064 tok/s)
step   57/74: train loss 3.027228 (102.215255 ms, 40072 tok/s)
step   58/74: train loss 3.479105 (102.305476 ms, 40036 tok/s)
step   59/74: train loss 3.270223 (102.416979 ms, 39993 tok/s)
step   60/74: train loss 3.495048 (102.287135 ms, 40044 tok/s)
step   61/74: train loss 3.213065 (102.603733 ms, 39920 tok/s)
step   62/74: train loss 3.450734 (102.908522 ms, 39802 tok/s)
step   63/74: train loss 3.370249 (102.431591 ms, 39987 tok/s)
step   64/74: train loss 3.407994 (102.216825 ms, 40071 tok/s)
step   65/74: train loss 3.580323 (102.369148 ms, 40012 tok/s)
step   66/74: train loss 3.029556 (102.220994 ms, 40070 tok/s)
step   67/74: train loss 3.296447 (102.020709 ms, 40148 tok/s)
step   68/74: train loss 3.675706 (102.537993 ms, 39946 tok/s)
step   69/74: train loss 3.297090 (102.368688 ms, 40012 tok/s)
step   70/74: train loss 3.646339 (102.356268 ms, 40017 tok/s)
step   71/74: train loss 3.566422 (102.713407 ms, 39877 tok/s)
step   72/74: train loss 3.732518 (102.469091 ms, 39973 tok/s)
step   73/74: train loss 3.825229 (102.385738 ms, 40005 tok/s)
step   74/74: train loss 3.380329 (102.346009 ms, 40021 tok/s)
val loss 3.491221
generating:
---

---
total average iteration time: 102.248543 ms
