+-----------------------+----------------------------------------------------+
| Parameter             | Value                                              |
+-----------------------+----------------------------------------------------+
| train data pattern    | dev/data/tinyshakespeare/tiny_shakespeare_train.bin |
| val data pattern      | dev/data/tinyshakespeare/tiny_shakespeare_val.bin  |
| output log file       | NULL                                               |
| batch size B          | 4                                                  |
| sequence length T     | 1024                                               |
| learning rate         | 0.000300                                           |
| val_loss_every        | 1000                                               |
| val_max_steps         | 20                                                 |
| sample_every          | 1000                                               |
| genT                  | 1                                                  |
+-----------------------+----------------------------------------------------+
| device                | NVIDIA GeForce RTX 4090                            |
| TF32                  | disabled                                           |
+-----------------------+----------------------------------------------------+
| max_sequence_length T | 1024                                               |
| vocab_size V          | 50257                                              |
| padded_vocab_size Vp  | 50304                                              |
| num_layers L          | 12                                                 |
| num_heads NH          | 12                                                 |
| channels C            | 768                                                |
| num_parameters        | 124475904                                          |
+-----------------------+----------------------------------------------------+
| train_num_batches     | 74                                                 |
| val_num_batches       | 8                                                  |
+-----------------------+----------------------------------------------------+
allocated 474 MiB for model parameters
allocated 5706 MiB for activations
val loss 4.513920
allocated 474 MiB for parameter gradients
allocated 252 MiB for activation gradients
allocated 474 MiB for AdamW optimizer state m
allocated 474 MiB for AdamW optimizer state v
step    1/74: train loss 4.287299 (103.759081 ms, 39476 tok/s)
step    2/74: train loss 4.724316 (102.081177 ms, 40124 tok/s)
step    3/74: train loss 4.394226 (101.880522 ms, 40203 tok/s)
step    4/74: train loss 3.628702 (102.615342 ms, 39916 tok/s)
step    5/74: train loss 3.717305 (101.832101 ms, 40223 tok/s)
step    6/74: train loss 4.013442 (102.131488 ms, 40105 tok/s)
step    7/74: train loss 4.112151 (102.605550 ms, 39919 tok/s)
step    8/74: train loss 3.623941 (102.275323 ms, 40048 tok/s)
step    9/74: train loss 3.966142 (102.267232 ms, 40051 tok/s)
step   10/74: train loss 3.581971 (101.993016 ms, 40159 tok/s)
step   11/74: train loss 4.030167 (101.797330 ms, 40236 tok/s)
step   12/74: train loss 3.814690 (101.773290 ms, 40246 tok/s)
step   13/74: train loss 4.030598 (102.081688 ms, 40124 tok/s)
step   14/74: train loss 3.886221 (102.009765 ms, 40153 tok/s)
step   15/74: train loss 3.711941 (102.061587 ms, 40132 tok/s)
step   16/74: train loss 3.554086 (102.146849 ms, 40099 tok/s)
step   17/74: train loss 3.989762 (102.162080 ms, 40093 tok/s)
step   18/74: train loss 3.810776 (102.064437 ms, 40131 tok/s)
step   19/74: train loss 3.535088 (102.168110 ms, 40090 tok/s)
step   20/74: train loss 3.678579 (101.810131 ms, 40231 tok/s)
step   21/74: train loss 3.609572 (102.358285 ms, 40016 tok/s)
step   22/74: train loss 3.610294 (102.014505 ms, 40151 tok/s)
step   23/74: train loss 3.147160 (102.342126 ms, 40022 tok/s)
step   24/74: train loss 3.344843 (102.281943 ms, 40046 tok/s)
step   25/74: train loss 3.708344 (102.463808 ms, 39975 tok/s)
step   26/74: train loss 3.539299 (102.432257 ms, 39987 tok/s)
step   27/74: train loss 3.844394 (102.055997 ms, 40134 tok/s)
step   28/74: train loss 3.446133 (101.948715 ms, 40177 tok/s)
step   29/74: train loss 3.317978 (102.242624 ms, 40061 tok/s)
step   30/74: train loss 3.279689 (102.023836 ms, 40147 tok/s)
step   31/74: train loss 3.154450 (102.358155 ms, 40016 tok/s)
step   32/74: train loss 3.444246 (101.885034 ms, 40202 tok/s)
step   33/74: train loss 3.566227 (102.354986 ms, 40017 tok/s)
step   34/74: train loss 3.486140 (102.634983 ms, 39908 tok/s)
step   35/74: train loss 3.723047 (102.122689 ms, 40108 tok/s)
step   36/74: train loss 3.380621 (102.254672 ms, 40056 tok/s)
step   37/74: train loss 3.199476 (102.122640 ms, 40108 tok/s)
step   38/74: train loss 3.182054 (102.063068 ms, 40132 tok/s)
step   39/74: train loss 3.601273 (102.026258 ms, 40146 tok/s)
step   40/74: train loss 3.082333 (102.321095 ms, 40030 tok/s)
step   41/74: train loss 3.830818 (102.096290 ms, 40118 tok/s)
step   42/74: train loss 3.361986 (102.309824 ms, 40035 tok/s)
step   43/74: train loss 3.355903 (102.340165 ms, 40023 tok/s)
step   44/74: train loss 3.417655 (102.195532 ms, 40080 tok/s)
step   45/74: train loss 3.606853 (102.291433 ms, 40042 tok/s)
step   46/74: train loss 3.128896 (102.210962 ms, 40073 tok/s)
step   47/74: train loss 3.464460 (102.306714 ms, 40036 tok/s)
step   48/74: train loss 3.974665 (102.166412 ms, 40091 tok/s)
step   49/74: train loss 3.224938 (102.243054 ms, 40061 tok/s)
step   50/74: train loss 3.418991 (102.334786 ms, 40025 tok/s)
step   51/74: train loss 3.760482 (102.658874 ms, 39899 tok/s)
step   52/74: train loss 3.771581 (102.485360 ms, 39966 tok/s)
step   53/74: train loss 3.410086 (102.341035 ms, 40023 tok/s)
step   54/74: train loss 3.389558 (102.370067 ms, 40011 tok/s)
step   55/74: train loss 3.272187 (102.181151 ms, 40085 tok/s)
step   56/74: train loss 3.259639 (102.148870 ms, 40098 tok/s)
step   57/74: train loss 3.027226 (102.627654 ms, 39911 tok/s)
step   58/74: train loss 3.479106 (102.031857 ms, 40144 tok/s)
step   59/74: train loss 3.270221 (102.520291 ms, 39953 tok/s)
step   60/74: train loss 3.495049 (102.536252 ms, 39946 tok/s)
step   61/74: train loss 3.213063 (102.546120 ms, 39943 tok/s)
step   62/74: train loss 3.450732 (102.283785 ms, 40045 tok/s)
step   63/74: train loss 3.370248 (102.196592 ms, 40079 tok/s)
step   64/74: train loss 3.407990 (102.334446 ms, 40025 tok/s)
step   65/74: train loss 3.580321 (102.249054 ms, 40059 tok/s)
step   66/74: train loss 3.029555 (102.289464 ms, 40043 tok/s)
step   67/74: train loss 3.296448 (102.313195 ms, 40033 tok/s)
step   68/74: train loss 3.675706 (102.491820 ms, 39964 tok/s)
step   69/74: train loss 3.297095 (102.505751 ms, 39958 tok/s)
step   70/74: train loss 3.646340 (102.294746 ms, 40041 tok/s)
step   71/74: train loss 3.566419 (102.453670 ms, 39979 tok/s)
step   72/74: train loss 3.732519 (102.350947 ms, 40019 tok/s)
step   73/74: train loss 3.825231 (102.355927 ms, 40017 tok/s)
step   74/74: train loss 3.380326 (102.465980 ms, 39974 tok/s)
val loss 3.491220
generating:
---

---
total average iteration time: 102.261512 ms
