+-----------------------+----------------------------------------------------+
| Parameter             | Value                                              |
+-----------------------+----------------------------------------------------+
| train data pattern    | dev/data/tinyshakespeare/tiny_shakespeare_train.bin |
| val data pattern      | dev/data/tinyshakespeare/tiny_shakespeare_val.bin  |
| output log file       | NULL                                               |
| batch size B          | 4                                                  |
| sequence length T     | 1024                                               |
| learning rate         | 0.000300                                           |
| val_loss_every        | 1000                                               |
| val_max_steps         | 20                                                 |
| sample_every          | 1000                                               |
| genT                  | 1                                                  |
+-----------------------+----------------------------------------------------+
| device                | NVIDIA GeForce RTX 4090                            |
| TF32                  | disabled                                           |
+-----------------------+----------------------------------------------------+
| max_sequence_length T | 1024                                               |
| vocab_size V          | 50257                                              |
| padded_vocab_size Vp  | 50304                                              |
| num_layers L          | 12                                                 |
| num_heads NH          | 12                                                 |
| channels C            | 768                                                |
| num_parameters        | 124475904                                          |
+-----------------------+----------------------------------------------------+
| train_num_batches     | 74                                                 |
| val_num_batches       | 8                                                  |
+-----------------------+----------------------------------------------------+
allocated 474 MiB for model parameters
allocated 5706 MiB for activations
val loss 4.513921
allocated 474 MiB for parameter gradients
allocated 252 MiB for activation gradients
allocated 474 MiB for AdamW optimizer state m
allocated 474 MiB for AdamW optimizer state v
step    1/74: train loss 4.287300 (107.327263 ms, 38163 tok/s)
step    2/74: train loss 4.724314 (105.418598 ms, 38854 tok/s)
step    3/74: train loss 4.394223 (105.563021 ms, 38801 tok/s)
step    4/74: train loss 3.628701 (105.323326 ms, 38889 tok/s)
step    5/74: train loss 3.717309 (105.540372 ms, 38809 tok/s)
step    6/74: train loss 4.013441 (105.394138 ms, 38863 tok/s)
step    7/74: train loss 4.112151 (105.725846 ms, 38741 tok/s)
step    8/74: train loss 3.623941 (105.442609 ms, 38845 tok/s)
step    9/74: train loss 3.966142 (105.592213 ms, 38790 tok/s)
step   10/74: train loss 3.581971 (105.503650 ms, 38823 tok/s)
step   11/74: train loss 4.030165 (105.474380 ms, 38834 tok/s)
step   12/74: train loss 3.814691 (105.594102 ms, 38790 tok/s)
step   13/74: train loss 4.030598 (105.515661 ms, 38818 tok/s)
step   14/74: train loss 3.886219 (105.467740 ms, 38836 tok/s)
step   15/74: train loss 3.711942 (105.370337 ms, 38872 tok/s)
step   16/74: train loss 3.554085 (105.602884 ms, 38786 tok/s)
step   17/74: train loss 3.989764 (105.420169 ms, 38854 tok/s)
step   18/74: train loss 3.810775 (105.421390 ms, 38853 tok/s)
step   19/74: train loss 3.535086 (105.603923 ms, 38786 tok/s)
step   20/74: train loss 3.678579 (105.461990 ms, 38838 tok/s)
step   21/74: train loss 3.609571 (105.328006 ms, 38888 tok/s)
step   22/74: train loss 3.610295 (105.552273 ms, 38805 tok/s)
step   23/74: train loss 3.147161 (105.546522 ms, 38807 tok/s)
step   24/74: train loss 3.344843 (105.720597 ms, 38743 tok/s)
step   25/74: train loss 3.708341 (105.511163 ms, 38820 tok/s)
step   26/74: train loss 3.539300 (105.528652 ms, 38814 tok/s)
step   27/74: train loss 3.844392 (105.460910 ms, 38839 tok/s)
step   28/74: train loss 3.446135 (105.678886 ms, 38758 tok/s)
step   29/74: train loss 3.317980 (105.527143 ms, 38814 tok/s)
step   30/74: train loss 3.279691 (105.537243 ms, 38810 tok/s)
step   31/74: train loss 3.154451 (105.795829 ms, 38716 tok/s)
step   32/74: train loss 3.444245 (105.493081 ms, 38827 tok/s)
step   33/74: train loss 3.566228 (105.520733 ms, 38817 tok/s)
step   34/74: train loss 3.486141 (105.553664 ms, 38804 tok/s)
step   35/74: train loss 3.723047 (105.400040 ms, 38861 tok/s)
step   36/74: train loss 3.380621 (105.392479 ms, 38864 tok/s)
step   37/74: train loss 3.199477 (105.479654 ms, 38832 tok/s)
step   38/74: train loss 3.182057 (105.547764 ms, 38807 tok/s)
step   39/74: train loss 3.601274 (105.927464 ms, 38667 tok/s)
step   40/74: train loss 3.082332 (105.471971 ms, 38834 tok/s)
step   41/74: train loss 3.830819 (105.555554 ms, 38804 tok/s)
step   42/74: train loss 3.361984 (105.409291 ms, 38858 tok/s)
step   43/74: train loss 3.355903 (105.282328 ms, 38904 tok/s)
step   44/74: train loss 3.417654 (105.579046 ms, 38795 tok/s)
step   45/74: train loss 3.606855 (105.648198 ms, 38770 tok/s)
step   46/74: train loss 3.128896 (105.843762 ms, 38698 tok/s)
step   47/74: train loss 3.464459 (105.590077 ms, 38791 tok/s)
step   48/74: train loss 3.974665 (105.248628 ms, 38917 tok/s)
step   49/74: train loss 3.224937 (105.252187 ms, 38916 tok/s)
step   50/74: train loss 3.418994 (105.489174 ms, 38828 tok/s)
step   51/74: train loss 3.760479 (105.462772 ms, 38838 tok/s)
step   52/74: train loss 3.771580 (105.610367 ms, 38784 tok/s)
step   53/74: train loss 3.410088 (105.717090 ms, 38744 tok/s)
step   54/74: train loss 3.389556 (105.743930 ms, 38735 tok/s)
step   55/74: train loss 3.272188 (105.527745 ms, 38814 tok/s)
step   56/74: train loss 3.259639 (105.487494 ms, 38829 tok/s)
step   57/74: train loss 3.027229 (105.415942 ms, 38855 tok/s)
step   58/74: train loss 3.479104 (105.370471 ms, 38872 tok/s)
step   59/74: train loss 3.270224 (105.376442 ms, 38870 tok/s)
step   60/74: train loss 3.495048 (106.060777 ms, 38619 tok/s)
step   61/74: train loss 3.213064 (105.644887 ms, 38771 tok/s)
step   62/74: train loss 3.450735 (105.543006 ms, 38808 tok/s)
step   63/74: train loss 3.370249 (105.645140 ms, 38771 tok/s)
step   64/74: train loss 3.407991 (105.561178 ms, 38802 tok/s)
step   65/74: train loss 3.580322 (105.376321 ms, 38870 tok/s)
step   66/74: train loss 3.029553 (105.486994 ms, 38829 tok/s)
step   67/74: train loss 3.296448 (105.695049 ms, 38752 tok/s)
step   68/74: train loss 3.675703 (105.497785 ms, 38825 tok/s)
step   69/74: train loss 3.297090 (105.407942 ms, 38858 tok/s)
step   70/74: train loss 3.646340 (105.502816 ms, 38823 tok/s)
step   71/74: train loss 3.566422 (105.835743 ms, 38701 tok/s)
step   72/74: train loss 3.732519 (105.502986 ms, 38823 tok/s)
step   73/74: train loss 3.825231 (105.656958 ms, 38766 tok/s)
step   74/74: train loss 3.380329 (105.624879 ms, 38778 tok/s)
val loss 3.491221
generating:
---

---
total average iteration time: 105.559333 ms
