+-----------------------+----------------------------------------------------+
| Parameter             | Value                                              |
+-----------------------+----------------------------------------------------+
| train data pattern    | dev/data/tinyshakespeare/tiny_shakespeare_train.bin |
| val data pattern      | dev/data/tinyshakespeare/tiny_shakespeare_val.bin  |
| output log file       | NULL                                               |
| batch size B          | 4                                                  |
| sequence length T     | 1024                                               |
| learning rate         | 0.000300                                           |
| val_loss_every        | 1000                                               |
| val_max_steps         | 20                                                 |
| sample_every          | 1000                                               |
| genT                  | 1                                                  |
+-----------------------+----------------------------------------------------+
| device                | NVIDIA GeForce RTX 4090                            |
| TF32                  | disabled                                           |
+-----------------------+----------------------------------------------------+
| max_sequence_length T | 1024                                               |
| vocab_size V          | 50257                                              |
| padded_vocab_size Vp  | 50304                                              |
| num_layers L          | 12                                                 |
| num_heads NH          | 12                                                 |
| channels C            | 768                                                |
| num_parameters        | 124475904                                          |
+-----------------------+----------------------------------------------------+
| train_num_batches     | 74                                                 |
| val_num_batches       | 8                                                  |
+-----------------------+----------------------------------------------------+
allocated 474 MiB for model parameters
allocated 5706 MiB for activations
val loss 4.513921
allocated 474 MiB for parameter gradients
allocated 252 MiB for activation gradients
allocated 474 MiB for AdamW optimizer state m
allocated 474 MiB for AdamW optimizer state v
step    1/74: train loss 4.287300 (107.060336 ms, 38258 tok/s)
step    2/74: train loss 4.724314 (105.327783 ms, 38888 tok/s)
step    3/74: train loss 4.394224 (105.105438 ms, 38970 tok/s)
step    4/74: train loss 3.628700 (105.236721 ms, 38921 tok/s)
step    5/74: train loss 3.717308 (105.116558 ms, 38966 tok/s)
step    6/74: train loss 4.013441 (105.240101 ms, 38920 tok/s)
step    7/74: train loss 4.112152 (105.346284 ms, 38881 tok/s)
step    8/74: train loss 3.623942 (105.119467 ms, 38965 tok/s)
step    9/74: train loss 3.966142 (105.021266 ms, 39001 tok/s)
step   10/74: train loss 3.581970 (105.114289 ms, 38967 tok/s)
step   11/74: train loss 4.030164 (105.291992 ms, 38901 tok/s)
step   12/74: train loss 3.814691 (105.003475 ms, 39008 tok/s)
step   13/74: train loss 4.030599 (105.233411 ms, 38922 tok/s)
step   14/74: train loss 3.886221 (105.248031 ms, 38917 tok/s)
step   15/74: train loss 3.711944 (105.162239 ms, 38949 tok/s)
step   16/74: train loss 3.554086 (105.069708 ms, 38983 tok/s)
step   17/74: train loss 3.989763 (105.049768 ms, 38991 tok/s)
step   18/74: train loss 3.810776 (105.190032 ms, 38939 tok/s)
step   19/74: train loss 3.535086 (105.258881 ms, 38913 tok/s)
step   20/74: train loss 3.678578 (105.210182 ms, 38931 tok/s)
step   21/74: train loss 3.609571 (105.295423 ms, 38900 tok/s)
step   22/74: train loss 3.610296 (105.051226 ms, 38990 tok/s)
step   23/74: train loss 3.147161 (105.093728 ms, 38974 tok/s)
step   24/74: train loss 3.344842 (105.153400 ms, 38952 tok/s)
step   25/74: train loss 3.708344 (105.295435 ms, 38900 tok/s)
step   26/74: train loss 3.539298 (105.282603 ms, 38904 tok/s)
step   27/74: train loss 3.844392 (105.007777 ms, 39006 tok/s)
step   28/74: train loss 3.446135 (105.124040 ms, 38963 tok/s)
step   29/74: train loss 3.317979 (105.272483 ms, 38908 tok/s)
step   30/74: train loss 3.279690 (105.114999 ms, 38966 tok/s)
step   31/74: train loss 3.154451 (105.378146 ms, 38869 tok/s)
step   32/74: train loss 3.444245 (105.306174 ms, 38896 tok/s)
step   33/74: train loss 3.566227 (105.220173 ms, 38927 tok/s)
step   34/74: train loss 3.486142 (105.135260 ms, 38959 tok/s)
step   35/74: train loss 3.723047 (105.125510 ms, 38962 tok/s)
step   36/74: train loss 3.380620 (105.164781 ms, 38948 tok/s)
step   37/74: train loss 3.199476 (105.486898 ms, 38829 tok/s)
step   38/74: train loss 3.182056 (105.191851 ms, 38938 tok/s)
step   39/74: train loss 3.601274 (105.149641 ms, 38954 tok/s)
step   40/74: train loss 3.082334 (105.112849 ms, 38967 tok/s)
step   41/74: train loss 3.830819 (105.241353 ms, 38920 tok/s)
step   42/74: train loss 3.361985 (105.290864 ms, 38901 tok/s)
step   43/74: train loss 3.355903 (105.369476 ms, 38872 tok/s)
step   44/74: train loss 3.417655 (105.282315 ms, 38904 tok/s)
step   45/74: train loss 3.606852 (105.392968 ms, 38864 tok/s)
step   46/74: train loss 3.128896 (105.130881 ms, 38960 tok/s)
step   47/74: train loss 3.464458 (105.090060 ms, 38976 tok/s)
step   48/74: train loss 3.974666 (105.267193 ms, 38910 tok/s)
step   49/74: train loss 3.224939 (105.287265 ms, 38903 tok/s)
step   50/74: train loss 3.418993 (105.228303 ms, 38924 tok/s)
step   51/74: train loss 3.760481 (105.173902 ms, 38945 tok/s)
step   52/74: train loss 3.771581 (105.480220 ms, 38831 tok/s)
step   53/74: train loss 3.410087 (105.165373 ms, 38948 tok/s)
step   54/74: train loss 3.389556 (105.012817 ms, 39004 tok/s)
step   55/74: train loss 3.272189 (105.108881 ms, 38969 tok/s)
step   56/74: train loss 3.259639 (105.507780 ms, 38821 tok/s)
step   57/74: train loss 3.027229 (105.351756 ms, 38879 tok/s)
step   58/74: train loss 3.479106 (104.987337 ms, 39014 tok/s)
step   59/74: train loss 3.270223 (105.313126 ms, 38893 tok/s)
step   60/74: train loss 3.495048 (105.308546 ms, 38895 tok/s)
step   61/74: train loss 3.213065 (105.050309 ms, 38990 tok/s)
step   62/74: train loss 3.450734 (105.297976 ms, 38899 tok/s)
step   63/74: train loss 3.370249 (105.345938 ms, 38881 tok/s)
step   64/74: train loss 3.407991 (105.123900 ms, 38963 tok/s)
step   65/74: train loss 3.580322 (105.128051 ms, 38962 tok/s)
step   66/74: train loss 3.029554 (105.068821 ms, 38983 tok/s)
step   67/74: train loss 3.296447 (105.434888 ms, 38848 tok/s)
step   68/74: train loss 3.675705 (105.540812 ms, 38809 tok/s)
step   69/74: train loss 3.297090 (105.163932 ms, 38948 tok/s)
step   70/74: train loss 3.646338 (105.407508 ms, 38858 tok/s)
step   71/74: train loss 3.566421 (105.252996 ms, 38915 tok/s)
step   72/74: train loss 3.732518 (105.047169 ms, 38992 tok/s)
step   73/74: train loss 3.825231 (105.163913 ms, 38948 tok/s)
step   74/74: train loss 3.380330 (105.189334 ms, 38939 tok/s)
val loss 3.491220
generating:
---

---
total average iteration time: 105.237491 ms
