+-----------------------+----------------------------------------------------+
| Parameter             | Value                                              |
+-----------------------+----------------------------------------------------+
| train data pattern    | dev/data/tinyshakespeare/tiny_shakespeare_train.bin |
| val data pattern      | dev/data/tinyshakespeare/tiny_shakespeare_val.bin  |
| output log file       | NULL                                               |
| batch size B          | 4                                                  |
| sequence length T     | 1024                                               |
| learning rate         | 0.000300                                           |
| val_loss_every        | 1000                                               |
| val_max_steps         | 20                                                 |
| sample_every          | 1000                                               |
| genT                  | 1                                                  |
+-----------------------+----------------------------------------------------+
| device                | NVIDIA GeForce RTX 4090                            |
| TF32                  | disabled                                           |
+-----------------------+----------------------------------------------------+
| max_sequence_length T | 1024                                               |
| vocab_size V          | 50257                                              |
| padded_vocab_size Vp  | 50304                                              |
| num_layers L          | 12                                                 |
| num_heads NH          | 12                                                 |
| channels C            | 768                                                |
| num_parameters        | 124475904                                          |
+-----------------------+----------------------------------------------------+
| train_num_batches     | 74                                                 |
| val_num_batches       | 8                                                  |
+-----------------------+----------------------------------------------------+
allocated 474 MiB for model parameters
allocated 5706 MiB for activations
val loss 4.513920
allocated 474 MiB for parameter gradients
allocated 252 MiB for activation gradients
allocated 474 MiB for AdamW optimizer state m
allocated 474 MiB for AdamW optimizer state v
step    1/74: train loss 4.287299 (104.563953 ms, 39172 tok/s)
step    2/74: train loss 4.724315 (102.325797 ms, 40029 tok/s)
step    3/74: train loss 4.394227 (102.217573 ms, 40071 tok/s)
step    4/74: train loss 3.628700 (102.392819 ms, 40002 tok/s)
step    5/74: train loss 3.717304 (102.034109 ms, 40143 tok/s)
step    6/74: train loss 4.013442 (102.102680 ms, 40116 tok/s)
step    7/74: train loss 4.112153 (102.477531 ms, 39969 tok/s)
step    8/74: train loss 3.623942 (102.091421 ms, 40120 tok/s)
step    9/74: train loss 3.966141 (102.265604 ms, 40052 tok/s)
step   10/74: train loss 3.581971 (102.710916 ms, 39878 tok/s)
step   11/74: train loss 4.030166 (102.588413 ms, 39926 tok/s)
step   12/74: train loss 3.814691 (102.364499 ms, 40013 tok/s)
step   13/74: train loss 4.030598 (102.417640 ms, 39993 tok/s)
step   14/74: train loss 3.886220 (102.217294 ms, 40071 tok/s)
step   15/74: train loss 3.711942 (102.285226 ms, 40044 tok/s)
step   16/74: train loss 3.554087 (102.528543 ms, 39949 tok/s)
step   17/74: train loss 3.989763 (102.190893 ms, 40081 tok/s)
step   18/74: train loss 3.810776 (102.444911 ms, 39982 tok/s)
step   19/74: train loss 3.535088 (102.621904 ms, 39913 tok/s)
step   20/74: train loss 3.678579 (102.278836 ms, 40047 tok/s)
step   21/74: train loss 3.609572 (102.355228 ms, 40017 tok/s)
step   22/74: train loss 3.610296 (102.194333 ms, 40080 tok/s)
step   23/74: train loss 3.147160 (102.317598 ms, 40032 tok/s)
step   24/74: train loss 3.344842 (102.507402 ms, 39958 tok/s)
step   25/74: train loss 3.708344 (102.370569 ms, 40011 tok/s)
step   26/74: train loss 3.539301 (102.324428 ms, 40029 tok/s)
step   27/74: train loss 3.844392 (102.536122 ms, 39946 tok/s)
step   28/74: train loss 3.446136 (102.329008 ms, 40027 tok/s)
step   29/74: train loss 3.317980 (102.216826 ms, 40071 tok/s)
step   30/74: train loss 3.279690 (102.326738 ms, 40028 tok/s)
step   31/74: train loss 3.154450 (102.395019 ms, 40001 tok/s)
step   32/74: train loss 3.444246 (102.378898 ms, 40008 tok/s)
step   33/74: train loss 3.566227 (102.389879 ms, 40003 tok/s)
step   34/74: train loss 3.486142 (102.132983 ms, 40104 tok/s)
step   35/74: train loss 3.723047 (102.648945 ms, 39902 tok/s)
step   36/74: train loss 3.380621 (102.695498 ms, 39884 tok/s)
step   37/74: train loss 3.199476 (102.336749 ms, 40024 tok/s)
step   38/74: train loss 3.182055 (102.534223 ms, 39947 tok/s)
step   39/74: train loss 3.601273 (102.498882 ms, 39961 tok/s)
step   40/74: train loss 3.082333 (102.403531 ms, 39998 tok/s)
step   41/74: train loss 3.830819 (102.148054 ms, 40098 tok/s)
step   42/74: train loss 3.361984 (102.659727 ms, 39898 tok/s)
step   43/74: train loss 3.355902 (102.631686 ms, 39909 tok/s)
step   44/74: train loss 3.417657 (102.346350 ms, 40020 tok/s)
step   45/74: train loss 3.606853 (102.319538 ms, 40031 tok/s)
step   46/74: train loss 3.128896 (102.578344 ms, 39930 tok/s)
step   47/74: train loss 3.464459 (102.196495 ms, 40079 tok/s)
step   48/74: train loss 3.974667 (102.334859 ms, 40025 tok/s)
step   49/74: train loss 3.224937 (102.695978 ms, 39884 tok/s)
step   50/74: train loss 3.418992 (102.312368 ms, 40034 tok/s)
step   51/74: train loss 3.760482 (102.572016 ms, 39932 tok/s)
step   52/74: train loss 3.771580 (102.959724 ms, 39782 tok/s)
step   53/74: train loss 3.410086 (102.369171 ms, 40012 tok/s)
step   54/74: train loss 3.389558 (102.507723 ms, 39957 tok/s)
step   55/74: train loss 3.272188 (102.193906 ms, 40080 tok/s)
step   56/74: train loss 3.259639 (102.325098 ms, 40029 tok/s)
step   57/74: train loss 3.027227 (102.133114 ms, 40104 tok/s)
step   58/74: train loss 3.479105 (102.280837 ms, 40046 tok/s)
step   59/74: train loss 3.270221 (102.780180 ms, 39852 tok/s)
step   60/74: train loss 3.495049 (102.500554 ms, 39960 tok/s)
step   61/74: train loss 3.213064 (102.606186 ms, 39919 tok/s)
step   62/74: train loss 3.450733 (102.469294 ms, 39972 tok/s)
step   63/74: train loss 3.370247 (102.597456 ms, 39923 tok/s)
step   64/74: train loss 3.407990 (102.320450 ms, 40031 tok/s)
step   65/74: train loss 3.580319 (102.214307 ms, 40072 tok/s)
step   66/74: train loss 3.029554 (102.269937 ms, 40050 tok/s)
step   67/74: train loss 3.296447 (102.381651 ms, 40007 tok/s)
step   68/74: train loss 3.675706 (102.811952 ms, 39839 tok/s)
step   69/74: train loss 3.297093 (102.238947 ms, 40063 tok/s)
step   70/74: train loss 3.646341 (102.410722 ms, 39995 tok/s)
step   71/74: train loss 3.566421 (102.183367 ms, 40084 tok/s)
step   72/74: train loss 3.732519 (102.566266 ms, 39935 tok/s)
step   73/74: train loss 3.825231 (102.424832 ms, 39990 tok/s)
step   74/74: train loss 3.380326 (102.261508 ms, 40054 tok/s)
val loss 3.491220
generating:
---

---
total average iteration time: 102.427243 ms
