+-----------------------+----------------------------------------------------+
| Parameter             | Value                                              |
+-----------------------+----------------------------------------------------+
| train data pattern    | dev/data/tinyshakespeare/tiny_shakespeare_train.bin |
| val data pattern      | dev/data/tinyshakespeare/tiny_shakespeare_val.bin  |
| output log file       | NULL                                               |
| batch size B          | 4                                                  |
| sequence length T     | 1024                                               |
| learning rate         | 0.000300                                           |
| val_loss_every        | 1000                                               |
| val_max_steps         | 20                                                 |
| sample_every          | 1000                                               |
| genT                  | 1                                                  |
+-----------------------+----------------------------------------------------+
| device                | NVIDIA GeForce RTX 4090                            |
| TF32                  | disabled                                           |
+-----------------------+----------------------------------------------------+
| max_sequence_length T | 1024                                               |
| vocab_size V          | 50257                                              |
| padded_vocab_size Vp  | 50304                                              |
| num_layers L          | 12                                                 |
| num_heads NH          | 12                                                 |
| channels C            | 768                                                |
| num_parameters        | 124475904                                          |
+-----------------------+----------------------------------------------------+
| train_num_batches     | 74                                                 |
| val_num_batches       | 8                                                  |
+-----------------------+----------------------------------------------------+
allocated 474 MiB for model parameters
allocated 5706 MiB for activations
val loss 4.513921
allocated 474 MiB for parameter gradients
allocated 252 MiB for activation gradients
allocated 474 MiB for AdamW optimizer state m
allocated 474 MiB for AdamW optimizer state v
step    1/74: train loss 4.287300 (106.949019 ms, 38298 tok/s)
step    2/74: train loss 4.724314 (105.280706 ms, 38905 tok/s)
step    3/74: train loss 4.394224 (105.819550 ms, 38707 tok/s)
step    4/74: train loss 3.628700 (105.665146 ms, 38763 tok/s)
step    5/74: train loss 3.717306 (105.260246 ms, 38913 tok/s)
step    6/74: train loss 4.013441 (105.291366 ms, 38901 tok/s)
step    7/74: train loss 4.112153 (105.412720 ms, 38856 tok/s)
step    8/74: train loss 3.623940 (105.272567 ms, 38908 tok/s)
step    9/74: train loss 3.966141 (105.180774 ms, 38942 tok/s)
step   10/74: train loss 3.581971 (105.699837 ms, 38751 tok/s)
step   11/74: train loss 4.030166 (105.386979 ms, 38866 tok/s)
step   12/74: train loss 3.814691 (105.216635 ms, 38929 tok/s)
step   13/74: train loss 4.030599 (105.249826 ms, 38916 tok/s)
step   14/74: train loss 3.886220 (105.065411 ms, 38985 tok/s)
step   15/74: train loss 3.711943 (105.312568 ms, 38893 tok/s)
step   16/74: train loss 3.554085 (105.180364 ms, 38942 tok/s)
step   17/74: train loss 3.989763 (105.314317 ms, 38893 tok/s)
step   18/74: train loss 3.810776 (105.197045 ms, 38936 tok/s)
step   19/74: train loss 3.535084 (105.135413 ms, 38959 tok/s)
step   20/74: train loss 3.678577 (105.182504 ms, 38941 tok/s)
step   21/74: train loss 3.609571 (105.227996 ms, 38925 tok/s)
step   22/74: train loss 3.610295 (105.415081 ms, 38855 tok/s)
step   23/74: train loss 3.147159 (105.201494 ms, 38934 tok/s)
step   24/74: train loss 3.344843 (105.164954 ms, 38948 tok/s)
step   25/74: train loss 3.708344 (105.397139 ms, 38862 tok/s)
step   26/74: train loss 3.539300 (105.245056 ms, 38918 tok/s)
step   27/74: train loss 3.844393 (105.282517 ms, 38904 tok/s)
step   28/74: train loss 3.446134 (105.268798 ms, 38909 tok/s)
step   29/74: train loss 3.317979 (105.553075 ms, 38805 tok/s)
step   30/74: train loss 3.279691 (105.516684 ms, 38818 tok/s)
step   31/74: train loss 3.154450 (105.209476 ms, 38931 tok/s)
step   32/74: train loss 3.444246 (105.169895 ms, 38946 tok/s)
step   33/74: train loss 3.566226 (105.267657 ms, 38910 tok/s)
step   34/74: train loss 3.486141 (105.418801 ms, 38854 tok/s)
step   35/74: train loss 3.723048 (105.031591 ms, 38997 tok/s)
step   36/74: train loss 3.380622 (105.286087 ms, 38903 tok/s)
step   37/74: train loss 3.199476 (105.306247 ms, 38896 tok/s)
step   38/74: train loss 3.182056 (104.966501 ms, 39021 tok/s)
step   39/74: train loss 3.601272 (105.092813 ms, 38975 tok/s)
step   40/74: train loss 3.082333 (105.387601 ms, 38866 tok/s)
step   41/74: train loss 3.830817 (105.137964 ms, 38958 tok/s)
step   42/74: train loss 3.361984 (105.395540 ms, 38863 tok/s)
step   43/74: train loss 3.355903 (105.451723 ms, 38842 tok/s)
step   44/74: train loss 3.417655 (105.574425 ms, 38797 tok/s)
step   45/74: train loss 3.606853 (105.222197 ms, 38927 tok/s)
step   46/74: train loss 3.128897 (105.260847 ms, 38912 tok/s)
step   47/74: train loss 3.464458 (105.386810 ms, 38866 tok/s)
step   48/74: train loss 3.974669 (105.394782 ms, 38863 tok/s)
step   49/74: train loss 3.224939 (105.505894 ms, 38822 tok/s)
step   50/74: train loss 3.418991 (105.310018 ms, 38894 tok/s)
step   51/74: train loss 3.760482 (105.313810 ms, 38893 tok/s)
step   52/74: train loss 3.771580 (105.230647 ms, 38924 tok/s)
step   53/74: train loss 3.410088 (105.345840 ms, 38881 tok/s)
step   54/74: train loss 3.389558 (105.278579 ms, 38906 tok/s)
step   55/74: train loss 3.272189 (105.136855 ms, 38958 tok/s)
step   56/74: train loss 3.259640 (105.383933 ms, 38867 tok/s)
step   57/74: train loss 3.027226 (105.218837 ms, 38928 tok/s)
step   58/74: train loss 3.479106 (105.291289 ms, 38901 tok/s)
step   59/74: train loss 3.270221 (105.193276 ms, 38937 tok/s)
step   60/74: train loss 3.495048 (105.320772 ms, 38890 tok/s)
step   61/74: train loss 3.213063 (105.371630 ms, 38871 tok/s)
step   62/74: train loss 3.450731 (105.278399 ms, 38906 tok/s)
step   63/74: train loss 3.370249 (105.375082 ms, 38870 tok/s)
step   64/74: train loss 3.407988 (105.216678 ms, 38929 tok/s)
step   65/74: train loss 3.580319 (105.288248 ms, 38902 tok/s)
step   66/74: train loss 3.029553 (105.471645 ms, 38835 tok/s)
step   67/74: train loss 3.296448 (105.175387 ms, 38944 tok/s)
step   68/74: train loss 3.675705 (105.587197 ms, 38792 tok/s)
step   69/74: train loss 3.297094 (105.411843 ms, 38857 tok/s)
step   70/74: train loss 3.646340 (105.476374 ms, 38833 tok/s)
step   71/74: train loss 3.566419 (105.279660 ms, 38905 tok/s)
step   72/74: train loss 3.732518 (105.162716 ms, 38949 tok/s)
step   73/74: train loss 3.825230 (105.276579 ms, 38907 tok/s)
step   74/74: train loss 3.380327 (105.344312 ms, 38882 tok/s)
val loss 3.491220
generating:
---

---
total average iteration time: 105.331787 ms
