+-----------------------+----------------------------------------------------+
| Parameter             | Value                                              |
+-----------------------+----------------------------------------------------+
| train data pattern    | dev/data/tinyshakespeare/tiny_shakespeare_train.bin |
| val data pattern      | dev/data/tinyshakespeare/tiny_shakespeare_val.bin  |
| output log file       | NULL                                               |
| batch size B          | 4                                                  |
| sequence length T     | 1024                                               |
| learning rate         | 0.000300                                           |
| val_loss_every        | 1000                                               |
| val_max_steps         | 20                                                 |
| sample_every          | 1000                                               |
| genT                  | 1                                                  |
+-----------------------+----------------------------------------------------+
| device                | NVIDIA GeForce RTX 4090                            |
| TF32                  | disabled                                           |
+-----------------------+----------------------------------------------------+
| max_sequence_length T | 1024                                               |
| vocab_size V          | 50257                                              |
| padded_vocab_size Vp  | 50304                                              |
| num_layers L          | 12                                                 |
| num_heads NH          | 12                                                 |
| channels C            | 768                                                |
| num_parameters        | 124475904                                          |
+-----------------------+----------------------------------------------------+
| train_num_batches     | 74                                                 |
| val_num_batches       | 8                                                  |
+-----------------------+----------------------------------------------------+
allocated 474 MiB for model parameters
allocated 5706 MiB for activations
val loss 4.513921
allocated 474 MiB for parameter gradients
allocated 252 MiB for activation gradients
allocated 474 MiB for AdamW optimizer state m
allocated 474 MiB for AdamW optimizer state v
step    1/74: train loss 4.287300 (106.919141 ms, 38309 tok/s)
step    2/74: train loss 4.724314 (105.365053 ms, 38874 tok/s)
step    3/74: train loss 4.394223 (105.285581 ms, 38903 tok/s)
step    4/74: train loss 3.628699 (105.154038 ms, 38952 tok/s)
step    5/74: train loss 3.717306 (105.250789 ms, 38916 tok/s)
step    6/74: train loss 4.013439 (105.246490 ms, 38918 tok/s)
step    7/74: train loss 4.112152 (105.185019 ms, 38940 tok/s)
step    8/74: train loss 3.623942 (105.330702 ms, 38887 tok/s)
step    9/74: train loss 3.966142 (105.213459 ms, 38930 tok/s)
step   10/74: train loss 3.581972 (105.295060 ms, 38900 tok/s)
step   11/74: train loss 4.030166 (105.506976 ms, 38822 tok/s)
step   12/74: train loss 3.814691 (105.098937 ms, 38972 tok/s)
step   13/74: train loss 4.030599 (105.220959 ms, 38927 tok/s)
step   14/74: train loss 3.886221 (105.151138 ms, 38953 tok/s)
step   15/74: train loss 3.711943 (105.592020 ms, 38790 tok/s)
step   16/74: train loss 3.554086 (105.234200 ms, 38922 tok/s)
step   17/74: train loss 3.989762 (105.506968 ms, 38822 tok/s)
step   18/74: train loss 3.810777 (105.314842 ms, 38892 tok/s)
step   19/74: train loss 3.535085 (105.272122 ms, 38908 tok/s)
step   20/74: train loss 3.678579 (105.241019 ms, 38920 tok/s)
step   21/74: train loss 3.609570 (105.170909 ms, 38946 tok/s)
step   22/74: train loss 3.610294 (105.445476 ms, 38844 tok/s)
step   23/74: train loss 3.147161 (105.362484 ms, 38875 tok/s)
step   24/74: train loss 3.344843 (105.260840 ms, 38912 tok/s)
step   25/74: train loss 3.708343 (105.290113 ms, 38902 tok/s)
step   26/74: train loss 3.539298 (105.246381 ms, 38918 tok/s)
step   27/74: train loss 3.844391 (105.122598 ms, 38964 tok/s)
step   28/74: train loss 3.446134 (105.080287 ms, 38979 tok/s)
step   29/74: train loss 3.317978 (105.517358 ms, 38818 tok/s)
step   30/74: train loss 3.279691 (105.335403 ms, 38885 tok/s)
step   31/74: train loss 3.154450 (105.101208 ms, 38971 tok/s)
step   32/74: train loss 3.444244 (105.215580 ms, 38929 tok/s)
step   33/74: train loss 3.566226 (105.250281 ms, 38916 tok/s)
step   34/74: train loss 3.486140 (105.322914 ms, 38889 tok/s)
step   35/74: train loss 3.723047 (105.302073 ms, 38897 tok/s)
step   36/74: train loss 3.380619 (105.197850 ms, 38936 tok/s)
step   37/74: train loss 3.199476 (105.134559 ms, 38959 tok/s)
step   38/74: train loss 3.182058 (105.184679 ms, 38941 tok/s)
step   39/74: train loss 3.601275 (105.124790 ms, 38963 tok/s)
step   40/74: train loss 3.082333 (105.334384 ms, 38885 tok/s)
step   41/74: train loss 3.830817 (105.345984 ms, 38881 tok/s)
step   42/74: train loss 3.361986 (105.254541 ms, 38915 tok/s)
step   43/74: train loss 3.355903 (105.253293 ms, 38915 tok/s)
step   44/74: train loss 3.417655 (105.048686 ms, 38991 tok/s)
step   45/74: train loss 3.606852 (105.152799 ms, 38952 tok/s)
step   46/74: train loss 3.128898 (105.352105 ms, 38879 tok/s)
step   47/74: train loss 3.464458 (105.164461 ms, 38948 tok/s)
step   48/74: train loss 3.974663 (105.602170 ms, 38787 tok/s)
step   49/74: train loss 3.224938 (105.160410 ms, 38950 tok/s)
step   50/74: train loss 3.418996 (105.299604 ms, 38898 tok/s)
step   51/74: train loss 3.760478 (105.344973 ms, 38881 tok/s)
step   52/74: train loss 3.771581 (105.427876 ms, 38851 tok/s)
step   53/74: train loss 3.410089 (105.413787 ms, 38856 tok/s)
step   54/74: train loss 3.389556 (105.609402 ms, 38784 tok/s)
step   55/74: train loss 3.272189 (105.320505 ms, 38890 tok/s)
step   56/74: train loss 3.259641 (105.285963 ms, 38903 tok/s)
step   57/74: train loss 3.027228 (105.094248 ms, 38974 tok/s)
step   58/74: train loss 3.479104 (105.175021 ms, 38944 tok/s)
step   59/74: train loss 3.270224 (105.238763 ms, 38921 tok/s)
step   60/74: train loss 3.495047 (105.620462 ms, 38780 tok/s)
step   61/74: train loss 3.213064 (105.396535 ms, 38862 tok/s)
step   62/74: train loss 3.450735 (105.349086 ms, 38880 tok/s)
step   63/74: train loss 3.370248 (105.018797 ms, 39002 tok/s)
step   64/74: train loss 3.407991 (105.286294 ms, 38903 tok/s)
step   65/74: train loss 3.580323 (105.241903 ms, 38919 tok/s)
step   66/74: train loss 3.029552 (105.442019 ms, 38845 tok/s)
step   67/74: train loss 3.296449 (105.445658 ms, 38844 tok/s)
step   68/74: train loss 3.675703 (105.345826 ms, 38881 tok/s)
step   69/74: train loss 3.297087 (105.288634 ms, 38902 tok/s)
step   70/74: train loss 3.646338 (105.126840 ms, 38962 tok/s)
step   71/74: train loss 3.566424 (105.287004 ms, 38903 tok/s)
step   72/74: train loss 3.732519 (105.570642 ms, 38798 tok/s)
step   73/74: train loss 3.825231 (105.074389 ms, 38981 tok/s)
step   74/74: train loss 3.380327 (105.411438 ms, 38857 tok/s)
val loss 3.491222
generating:
---

---
total average iteration time: 105.308578 ms
