+-----------------------+----------------------------------------------------+
| Parameter             | Value                                              |
+-----------------------+----------------------------------------------------+
| train data pattern    | dev/data/tinyshakespeare/tiny_shakespeare_train.bin |
| val data pattern      | dev/data/tinyshakespeare/tiny_shakespeare_val.bin  |
| output log file       | NULL                                               |
| batch size B          | 4                                                  |
| sequence length T     | 1024                                               |
| learning rate         | 0.000300                                           |
| val_loss_every        | 1000                                               |
| val_max_steps         | 20                                                 |
| sample_every          | 1000                                               |
| genT                  | 1                                                  |
+-----------------------+----------------------------------------------------+
| device                | NVIDIA GeForce RTX 4090                            |
| TF32                  | disabled                                           |
+-----------------------+----------------------------------------------------+
| max_sequence_length T | 1024                                               |
| vocab_size V          | 50257                                              |
| padded_vocab_size Vp  | 50304                                              |
| num_layers L          | 12                                                 |
| num_heads NH          | 12                                                 |
| channels C            | 768                                                |
| num_parameters        | 124475904                                          |
+-----------------------+----------------------------------------------------+
| train_num_batches     | 74                                                 |
| val_num_batches       | 8                                                  |
+-----------------------+----------------------------------------------------+
allocated 474 MiB for model parameters
allocated 5706 MiB for activations
val loss 4.513921
allocated 474 MiB for parameter gradients
allocated 252 MiB for activation gradients
allocated 474 MiB for AdamW optimizer state m
allocated 474 MiB for AdamW optimizer state v
step    1/74: train loss 4.287300 (107.456958 ms, 38117 tok/s)
step    2/74: train loss 4.724315 (105.716533 ms, 38745 tok/s)
step    3/74: train loss 4.394226 (105.831766 ms, 38702 tok/s)
step    4/74: train loss 3.628701 (105.586250 ms, 38792 tok/s)
step    5/74: train loss 3.717307 (105.552329 ms, 38805 tok/s)
step    6/74: train loss 4.013441 (105.487298 ms, 38829 tok/s)
step    7/74: train loss 4.112150 (105.491589 ms, 38827 tok/s)
step    8/74: train loss 3.623942 (105.582829 ms, 38794 tok/s)
step    9/74: train loss 3.966141 (105.546899 ms, 38807 tok/s)
step   10/74: train loss 3.581972 (105.604550 ms, 38786 tok/s)
step   11/74: train loss 4.030166 (105.563390 ms, 38801 tok/s)
step   12/74: train loss 3.814691 (105.415626 ms, 38855 tok/s)
step   13/74: train loss 4.030599 (105.555069 ms, 38804 tok/s)
step   14/74: train loss 3.886219 (105.289982 ms, 38902 tok/s)
step   15/74: train loss 3.711943 (105.693494 ms, 38753 tok/s)
step   16/74: train loss 3.554085 (105.667382 ms, 38763 tok/s)
step   17/74: train loss 3.989764 (105.975291 ms, 38650 tok/s)
step   18/74: train loss 3.810775 (105.600320 ms, 38787 tok/s)
step   19/74: train loss 3.535086 (105.585850 ms, 38793 tok/s)
step   20/74: train loss 3.678576 (105.651572 ms, 38768 tok/s)
step   21/74: train loss 3.609571 (105.408866 ms, 38858 tok/s)
step   22/74: train loss 3.610295 (105.393015 ms, 38864 tok/s)
step   23/74: train loss 3.147160 (105.812207 ms, 38710 tok/s)
step   24/74: train loss 3.344844 (105.663972 ms, 38764 tok/s)
step   25/74: train loss 3.708345 (105.744865 ms, 38734 tok/s)
step   26/74: train loss 3.539300 (105.566129 ms, 38800 tok/s)
step   27/74: train loss 3.844393 (105.669952 ms, 38762 tok/s)
step   28/74: train loss 3.446134 (105.632402 ms, 38775 tok/s)
step   29/74: train loss 3.317978 (105.592890 ms, 38790 tok/s)
step   30/74: train loss 3.279691 (105.529529 ms, 38813 tok/s)
step   31/74: train loss 3.154450 (105.515419 ms, 38818 tok/s)
step   32/74: train loss 3.444246 (105.406216 ms, 38859 tok/s)
step   33/74: train loss 3.566228 (105.586102 ms, 38792 tok/s)
step   34/74: train loss 3.486141 (105.888339 ms, 38682 tok/s)
step   35/74: train loss 3.723048 (105.856028 ms, 38694 tok/s)
step   36/74: train loss 3.380621 (105.579531 ms, 38795 tok/s)
step   37/74: train loss 3.199476 (105.530900 ms, 38813 tok/s)
step   38/74: train loss 3.182055 (105.617752 ms, 38781 tok/s)
step   39/74: train loss 3.601274 (105.637002 ms, 38774 tok/s)
step   40/74: train loss 3.082333 (105.457287 ms, 38840 tok/s)
step   41/74: train loss 3.830817 (105.550510 ms, 38806 tok/s)
step   42/74: train loss 3.361984 (105.859918 ms, 38692 tok/s)
step   43/74: train loss 3.355903 (105.597303 ms, 38788 tok/s)
step   44/74: train loss 3.417654 (105.538350 ms, 38810 tok/s)
step   45/74: train loss 3.606854 (105.519650 ms, 38817 tok/s)
step   46/74: train loss 3.128897 (105.451279 ms, 38842 tok/s)
step   47/74: train loss 3.464458 (105.678144 ms, 38759 tok/s)
step   48/74: train loss 3.974668 (105.606651 ms, 38785 tok/s)
step   49/74: train loss 3.224937 (105.832798 ms, 38702 tok/s)
step   50/74: train loss 3.418992 (105.694064 ms, 38753 tok/s)
step   51/74: train loss 3.760482 (105.580953 ms, 38794 tok/s)
step   52/74: train loss 3.771578 (105.813288 ms, 38709 tok/s)
step   53/74: train loss 3.410087 (105.551350 ms, 38805 tok/s)
step   54/74: train loss 3.389556 (105.482070 ms, 38831 tok/s)
step   55/74: train loss 3.272187 (105.724346 ms, 38742 tok/s)
step   56/74: train loss 3.259639 (105.757066 ms, 38730 tok/s)
step   57/74: train loss 3.027227 (105.702565 ms, 38750 tok/s)
step   58/74: train loss 3.479106 (105.646894 ms, 38770 tok/s)
step   59/74: train loss 3.270222 (105.724576 ms, 38742 tok/s)
step   60/74: train loss 3.495049 (105.796108 ms, 38715 tok/s)
step   61/74: train loss 3.213062 (105.708565 ms, 38748 tok/s)
step   62/74: train loss 3.450732 (105.720376 ms, 38743 tok/s)
step   63/74: train loss 3.370249 (105.425599 ms, 38852 tok/s)
step   64/74: train loss 3.407990 (105.493409 ms, 38827 tok/s)
step   65/74: train loss 3.580319 (105.651514 ms, 38768 tok/s)
step   66/74: train loss 3.029556 (105.842329 ms, 38699 tok/s)
step   67/74: train loss 3.296449 (105.824659 ms, 38705 tok/s)
step   68/74: train loss 3.675706 (105.761247 ms, 38728 tok/s)
step   69/74: train loss 3.297093 (105.851049 ms, 38695 tok/s)
step   70/74: train loss 3.646341 (105.615393 ms, 38782 tok/s)
step   71/74: train loss 3.566419 (105.614683 ms, 38782 tok/s)
step   72/74: train loss 3.732519 (105.536962 ms, 38811 tok/s)
step   73/74: train loss 3.825230 (105.675166 ms, 38760 tok/s)
step   74/74: train loss 3.380327 (105.768457 ms, 38726 tok/s)
val loss 3.491220
generating:
---

---
total average iteration time: 105.655955 ms
